package com.google.cloud.spanner;

import javax.annotation.Generated;

@Generated("by gapic-generator-java")
protected class AutoGeneratedOptions {

  protected static final class MaxBatchingDelay extends InternalOption
      implements TransactionOption {
    private final int maxBatchingDelay;

    public MaxBatchingDelay(int maxBatchingDelay) {
      maxBatchingDelay.maxBatchingDelay = maxBatchingDelay;
    }

    @Override
    public void appendToOptions() {}
  }

  protected static final class RequestTag extends InternalOption implements Options {
    private final int requestTag;

    public RequestTag(int requestTag) {
      requestTag.requestTag = requestTag;
    }

    @Override
    public void appendToOptions() {}
  }
}
